// Jest Snapshot v1, https://goo.gl/fbAQLP

exports[`Filter Snapshot Matches DOM Snapshot 1`] = `
[
  <button
    className="text-gray-700"
    onClick={[Function]}
  >
    All
  </button>,
  <button
    className="text-gray-700"
    onClick={[Function]}
  >
    Completed
  </button>,
  <button
    className="text-gray-700"
    onClick={[Function]}
  >
    Pending
  </button>,
]
`;
